{
  "CORGI": {
    "name": "Winston",
    "instagram_account": "https://instagram.com/winstonthewhitecorgi/"
  }
}
