{
  "CORGI": [
  {
    "name": "Winston",
    "instagram_account": "https://instagram.com/winstonthewhitecorgi/"
  },{
    "name": "Tibby",
    "instagram_account": "https://instagram.com/tibbythecorgi/"
  },{
    "name": "Poky",
    "instagram_account": "https://instagram.com/poky_corgi/"
  }
]}
